2025-02-22 19:25:32,400 - masks - INFO - Программа get_mask_card_number начала работу
2025-02-22 19:25:32,400 - masks - INFO - Идет проверка на правильность карты
2025-02-22 19:25:32,400 - masks - INFO - Программа get_mask_card_number проверила правильность ввода номера карты
2025-02-22 19:25:32,590 - masks - INFO - Программа get_mask_card_number начала работу
2025-02-22 19:25:32,590 - masks - INFO - Идет проверка на правильность карты
2025-02-22 19:25:32,590 - masks - INFO - Программа get_mask_card_number проверила правильность ввода номера карты
2025-02-22 19:25:32,590 - masks - INFO - Программа get_mask_card_number начала работу
2025-02-22 19:25:32,590 - masks - INFO - Идет проверка на правильность карты
2025-02-22 19:25:32,590 - masks - ERROR - Был введён не правильный номер карты
2025-02-22 19:25:32,591 - masks - INFO - Программа get_mask_card_number начала работу
2025-02-22 19:25:32,591 - masks - INFO - Идет проверка на правильность карты
2025-02-22 19:25:32,591 - masks - ERROR - Был введён не правильное количество цифр номера карты
2025-02-22 19:25:32,592 - masks - INFO - Программа get_mask_account начала работу
2025-02-22 19:25:32,592 - masks - INFO - Идет проверка на правильность карты
2025-02-22 19:25:32,592 - masks - INFO - Программа get_mask_account проверила правильность ввода номера счёта
2025-02-22 19:25:32,592 - masks - INFO - Программа get_mask_account начала работу
2025-02-22 19:25:32,593 - masks - INFO - Идет проверка на правильность карты
2025-02-22 19:25:32,593 - masks - ERROR - Был введён не правильный номер счёта
2025-02-22 19:25:32,593 - masks - INFO - Программа get_mask_account начала работу
2025-02-22 19:25:32,593 - masks - INFO - Идет проверка на правильность карты
2025-02-22 19:25:32,593 - masks - ERROR - Был введён не правильный номер счёта
2025-02-22 19:25:32,593 - masks - INFO - Программа get_mask_account начала работу
2025-02-22 19:25:32,593 - masks - INFO - Идет проверка на правильность карты
2025-02-22 19:25:32,593 - masks - ERROR - Был введён не правильный номер счёта
2025-02-22 19:25:32,598 - masks - INFO - Программа get_mask_card_number начала работу
2025-02-22 19:25:32,598 - masks - INFO - Идет проверка на правильность карты
2025-02-22 19:25:32,598 - masks - INFO - Программа get_mask_card_number проверила правильность ввода номера карты
2025-02-22 19:25:32,598 - masks - INFO - Программа get_mask_card_number начала работу
2025-02-22 19:25:32,598 - masks - INFO - Идет проверка на правильность карты
2025-02-22 19:25:32,598 - masks - ERROR - Был введён не правильное количество цифр номера карты
2025-02-22 19:25:32,598 - masks - INFO - Программа get_mask_card_number начала работу
2025-02-22 19:25:32,598 - masks - INFO - Идет проверка на правильность карты
2025-02-22 19:25:32,598 - masks - ERROR - Был введён не правильное количество цифр номера карты
2025-02-22 19:25:32,599 - masks - INFO - Программа get_mask_account начала работу
2025-02-22 19:25:32,599 - masks - INFO - Идет проверка на правильность карты
2025-02-22 19:25:32,600 - masks - INFO - Программа get_mask_account проверила правильность ввода номера счёта
2025-02-22 19:25:32,600 - masks - INFO - Программа get_mask_card_number начала работу
2025-02-22 19:25:32,600 - masks - INFO - Идет проверка на правильность карты
2025-02-22 19:25:32,600 - masks - ERROR - Был введён не правильное количество цифр номера карты
2025-02-22 19:25:32,600 - masks - INFO - Программа get_mask_card_number начала работу
2025-02-22 19:25:32,600 - masks - INFO - Идет проверка на правильность карты
2025-02-22 19:25:32,600 - masks - ERROR - Был введён не правильное количество цифр номера карты
2025-02-22 19:25:32,601 - masks - INFO - Программа get_mask_card_number начала работу
2025-02-22 19:25:32,601 - masks - INFO - Идет проверка на правильность карты
2025-02-22 19:25:32,601 - masks - INFO - Программа get_mask_card_number проверила правильность ввода номера карты
2025-02-22 19:25:32,601 - masks - INFO - Программа get_mask_card_number начала работу
2025-02-22 19:25:32,602 - masks - INFO - Идет проверка на правильность карты
2025-02-22 19:25:32,602 - masks - ERROR - Был введён не правильное количество цифр номера карты
2025-02-22 19:25:32,602 - masks - INFO - Программа get_mask_card_number начала работу
2025-02-22 19:25:32,602 - masks - INFO - Идет проверка на правильность карты
2025-02-22 19:25:32,602 - masks - ERROR - Был введён не правильное количество цифр номера карты
2025-02-22 19:25:32,603 - masks - INFO - Программа get_mask_card_number начала работу
2025-02-22 19:25:32,603 - masks - INFO - Идет проверка на правильность карты
2025-02-22 19:25:32,603 - masks - INFO - Программа get_mask_card_number проверила правильность ввода номера карты
2025-02-22 19:25:32,603 - masks - INFO - Программа get_mask_card_number начала работу
2025-02-22 19:25:32,604 - masks - INFO - Идет проверка на правильность карты
2025-02-22 19:25:32,604 - masks - ERROR - Был введён не правильное количество цифр номера карты
2025-02-22 19:25:32,604 - masks - INFO - Программа get_mask_card_number начала работу
2025-02-22 19:25:32,604 - masks - INFO - Идет проверка на правильность карты
2025-02-22 19:25:32,604 - masks - ERROR - Был введён не правильное количество цифр номера карты
